// Jest Snapshot v1, https://goo.gl/fbAQLP

exports[`renders correctly with matching snapshot 1`] = `
<p
  className="css-1l4zk0c-Text"
/>
`;
