// Jest Snapshot v1, https://goo.gl/fbAQLP

exports[`renders correctly with matching snapshot 1`] = `
<div
  className="css-ju9zgm"
/>
`;
